  parallel_scaling_law/loss: 29 forms, chosen: R2 held-out 0.9998, 2 constants: 0.595005 + 7.10325e-05*ffact(log(parallel_size) + 29*log(log(log(log(log(num_params))))), 2)*sqrt(log(num_params))
parallel_scaling_law           R2=   0.9992 (held-out  0.9998)  human  1.000  SLDAgent  1.000  constants 2/4  engine, 53 s
  vocab_scaling_law/unigram_normalized_loss: 46 forms, chosen: R2 held-out 0.9861, 2 constants: -5.5341 + 63708*log(log(vocab_size))/sqrt(exp(log(num_characters))) - 3.1292e+06*2^(-log(num_characters))
vocab_scaling_law              R2=   0.9863 (held-out  0.9861)  human  0.966  SLDAgent  0.987  constants 2/7  engine, 947 s
  sft_scaling_law/sft_loss: 1413 forms, chosen: R2 held-out 0.9743, 3 constants: 15.5852*(sqrt(sft_data_size) - sqrt(3))^6.60866/(sft_data_size - exp(3))^3.45519
sft_scaling_law                R2=   0.9830 (held-out  0.9743)  human  0.957  SLDAgent  0.993  constants 3/4  engine, 1939 s
  domain_mixture_scaling_law/loss_domain_1: 89 forms, chosen: R2 held-out 0.9987, 2 constants: 3.91033 + -0.861959*(cos(proportion_domain_2) + sqrt(sqrt(proportion_domain_1)))
  domain_mixture_scaling_law/loss_domain_2: 96 forms, chosen: R2 held-out 0.9968, 2 constants: 0.513619 + 1.20837*log(9)/log(cos(proportion_domain_4) + sqrt(log(9)^log(cos(proportion_domain_1))*(log(9) + sqrt(proportion_domain_2)/3^proportion_domain_3)))
  domain_mixture_scaling_law/loss_domain_3: 79 forms, chosen: R2 held-out 0.9969, 3 constants: 3.22939*0.766265^sqrt(sqrt(proportion_domain_3))*1.05908^(proportion_domain_1 + proportion_domain_4)
  domain_mixture_scaling_law/loss_domain_4: 96 forms, chosen: R2 held-out 0.9987, 2 constants: 2.82345 + -0.867881*(cos(proportion_domain_2) + sqrt(sin(sqrt(proportion_domain_4))))
  domain_mixture_scaling_law/loss_domain_5: 82 forms, chosen: R2 held-out 0.9927, 1 constants: 1.67916 + sqrt(3 - sqrt(proportion_domain_5))
domain_mixture_scaling_law     R2=   0.9891 (held-out  0.9968)  human  0.671  SLDAgent  0.988  constants 3/7  engine, 634 s
  moe_scaling_law/loss_validation: 41 forms, chosen: R2 held-out 0.7435, 2 constants: 1.53125 + -1.4532e-05*(log(num_experts) - 805/log(dense_parameter_count))^3
moe_scaling_law                R2=   0.4579 (held-out  0.7435)  human  0.703  SLDAgent  0.773  constants 2/6  engine, 172 s
  data_constrained_scaling_law/loss: 58 forms, chosen: R2 held-out 0.8381, 3 constants: 2.17328 + 12.9772*log(log(log(tokens)))^(-log(params)) + 7191.14*sqrt(exp(cos(log(tokens)) - log(unique_tokens)))
data_constrained_scaling_law   R2=   0.6636 (held-out  0.8381)  human  0.911  SLDAgent  0.944  constants 3/7  engine, 568 s
  lr_bsz_scaling_law/lm_loss: 36 forms, chosen: R2 held-out 0.9402, 5 constants: 3.97072 - 0.013734*log(data_size)^log(sqrt(log(non_embedding_param_size))) + 722639*exp(log(bsz) - log(data_size)) + 6.77532*log(bsz)^(log(lr)*0.599653) + 0.0415717*(sin(log(data_size)) - cos(log(lr)))
lr_bsz_scaling_law             R2=   0.5192 (held-out  0.9402)  human -0.076  SLDAgent  0.604  constants 5/10  engine, 1360 s
  easy_question_scaling_law/brier_score: 175 forms, chosen: R2 held-out 0.9273, 3 constants: 34.5734 + -12.9187*exp(0.994755^log_flops)
easy_question_scaling_law      R2=   0.2093 (held-out  0.9273)  human -1.000  SLDAgent -0.305  constants 3/6  engine, 161 s
