  parallel_scaling_law/loss: 35 forms, chosen: R2 held-out 0.9975, 2 constants: 3.30433 + 3131*1/sqrt(num_params) - 0.0663001*log(num_params*parallel_size)
parallel_scaling_law           R2=   0.9925 (held-out  0.9975)  human  1.000  SLDAgent  1.000  constants 2/4  engine, 52 s
  vocab_scaling_law/unigram_normalized_loss: 42 forms, chosen: R2 held-out 0.9859, 2 constants: -5.48545 + 37174*sqrt(log(vocab_size)/num_characters) - 3.11389e+07*num_characters^sin(cos(3))
vocab_scaling_law              R2=   0.9856 (held-out  0.9859)  human  0.966  SLDAgent  0.987  constants 2/7  engine, 944 s
  sft_scaling_law/sft_loss: 1280 forms, chosen: R2 held-out 0.9776, 4 constants: 4.42136*0.999827^(log(sft_data_size)^3.2652)*1.00401^exp(sin(log(sft_data_size)))
sft_scaling_law                R2=   0.9849 (held-out  0.9776)  human  0.957  SLDAgent  0.993  constants 4/4  engine, 1968 s
  domain_mixture_scaling_law/loss_domain_1: 100 forms, chosen: R2 held-out 0.9987, 2 constants: 3.91033 + -0.861959*(cos(proportion_domain_2) + sqrt(sqrt(proportion_domain_1)))
  domain_mixture_scaling_law/loss_domain_2: 93 forms, chosen: R2 held-out 0.9961, 1 constants: 3.16499 + 3341*exp(-proportion_domain_5)/(5432 + 49858*proportion_domain_2)
  domain_mixture_scaling_law/loss_domain_3: 98 forms, chosen: R2 held-out 0.9969, 3 constants: 3.22939*0.766265^sqrt(sqrt(proportion_domain_3))*1.05908^(proportion_domain_1 + proportion_domain_4)
  domain_mixture_scaling_law/loss_domain_4: 92 forms, chosen: R2 held-out 0.9987, 2 constants: 2.82345 + -0.867881*(cos(proportion_domain_2) + sqrt(sin(sqrt(proportion_domain_4))))
  domain_mixture_scaling_law/loss_domain_5: 83 forms, chosen: R2 held-out 0.9959, 3 constants: 3.06 + 0.531206*0.0567307^(proportion_domain_5^cos(sqrt(proportion_domain_1)))
domain_mixture_scaling_law     R2=   0.9881 (held-out  0.9973)  human  0.671  SLDAgent  0.988  constants 3/7  engine, 627 s
  !! moe_scaling_law/loss_validation: nai_cli exited with 3221226505: terminate called after throwing an instance of 'std::bad_alloc'
  what():  std::bad_alloc
  moe_scaling_law/loss_validation: 0 forms, chosen: R2 held-out nan, 0 constants: 
moe_scaling_law                R2=  -1.0000 (held-out     nan)  human  0.703  SLDAgent  0.773  constants 0/6  engine, 105 s
  data_constrained_scaling_law/loss: 43 forms, chosen: R2 held-out 0.7992, 3 constants: -12176.5 + 12185.7*exp(3/sqrt(tokens)) - 0.202331*log(params*sqrt(unique_tokens))
data_constrained_scaling_law   R2=   0.8740 (held-out  0.7992)  human  0.911  SLDAgent  0.944  constants 3/7  engine, 584 s
  lr_bsz_scaling_law/lm_loss: 34 forms, chosen: R2 held-out 0.9426, 4 constants: 3.95439 - 0.0135464*log(data_size)^log(sqrt(log(non_embedding_param_size))) + 763887*exp(log(bsz) - log(data_size)) + 4*1.20119^(log(lr)*log(bsz)) + 0.043982*(sin(log(data_size)) - cos(log(lr)))
lr_bsz_scaling_law             R2=   0.3934 (held-out  0.9426)  human -0.076  SLDAgent  0.604  constants 4/10  engine, 1349 s
  easy_question_scaling_law/brier_score: 150 forms, chosen: R2 held-out 0.9273, 3 constants: 16.9242 + -17.4673*1.01063^(-log_flops)
easy_question_scaling_law      R2=   0.0265 (held-out  0.9273)  human -1.000  SLDAgent -0.305  constants 3/6  engine, 150 s
