  parallel_scaling_law/loss: 35 forms, chosen: R2 held-out 0.9973, 1 constants: 112/log(num_params)^1.32959
parallel_scaling_law           R2=   0.9934 (held-out  0.9973)  human  1.000  SLDAgent  1.000  constants 1/4  engine, 48 s
  vocab_scaling_law/unigram_normalized_loss: 43 forms, chosen: R2 held-out 0.8190, 7 constants: -5.23915 - 1.02993e+11*num_characters^log(0.491777) + 1.02968e+11*num_characters^(-0.709716) + 98.8352*sqrt(vocab_size/num_characters) - 1.00877e-12*non_vocab_parameters*sqrt(vocab_size)
vocab_scaling_law              R2=   0.9673 (held-out  0.8190)  human  0.966  SLDAgent  0.987  constants 7/7  engine, 576 s
  sft_scaling_law/sft_loss: 1266 forms, chosen: R2 held-out 0.9776, 4 constants: 4.42136*0.999827^(log(sft_data_size)^3.2652)*1.00401^exp(sin(log(sft_data_size)))
sft_scaling_law                R2=   0.9849 (held-out  0.9776)  human  0.957  SLDAgent  0.993  constants 4/4  engine, 1392 s
  domain_mixture_scaling_law/loss_domain_1: 99 forms, chosen: R2 held-out 0.9980, 2 constants: 4.19686*0.727557^(cos(proportion_domain_2) + sqrt(sqrt(proportion_domain_1)))
  domain_mixture_scaling_law/loss_domain_2: 91 forms, chosen: R2 held-out 0.9951, 1 constants: 3.16499 + 3341*exp(-proportion_domain_5)/(5432 + 49858*proportion_domain_2)
  domain_mixture_scaling_law/loss_domain_3: 101 forms, chosen: R2 held-out 0.9932, 2 constants: 3.3618 + -0.119949*(proportion_domain_5 + sqrt(sqrt(proportion_domain_3*2518)))
  domain_mixture_scaling_law/loss_domain_4: 91 forms, chosen: R2 held-out 0.9981, 2 constants: 2.82345 - 0.867881*(cos(proportion_domain_2) + sqrt(sin(sqrt(proportion_domain_4))))
  domain_mixture_scaling_law/loss_domain_5: 85 forms, chosen: R2 held-out 0.9846, 2 constants: 3.61504*0.919086^(proportion_domain_5 + proportion_domain_5^proportion_domain_3)
domain_mixture_scaling_law     R2=   0.9903 (held-out  0.9938)  human  0.671  SLDAgent  0.988  constants 2/7  engine, 511 s
  moe_scaling_law/loss_validation: 42 forms, chosen: R2 held-out 0.8289, 2 constants: 1.5257 + -1.39829e-05*(log(num_experts) - 816/log(dense_parameter_count))^3
moe_scaling_law                R2=   0.4947 (held-out  0.8289)  human  0.703  SLDAgent  0.773  constants 2/6  engine, 69 s
  data_constrained_scaling_law/loss: 43 forms, chosen: R2 held-out 0.7545, 4 constants: 2743.19 - 2742.87*cos(log(tokens)^cos(log(log(params)))) + 13169.4*0.586772^(log(unique_tokens) - cos(log(tokens)))
data_constrained_scaling_law   R2=   0.7434 (held-out  0.7545)  human  0.911  SLDAgent  0.944  constants 4/7  engine, 310 s
  lr_bsz_scaling_law/lm_loss: 34 forms, chosen: R2 held-out 0.9209, 4 constants: 4.64732 - 0.00484057*(log(lr) + log(data_size)*log(non_embedding_param_size)) + 761376*exp(log(bsz) - log(data_size)) + 4.07038*sqrt(log(bsz))^log(lr) + 0.0393119*(sin(log(data_size)) - cos(log(lr)))
lr_bsz_scaling_law             R2=   0.0199 (held-out  0.9209)  human -0.076  SLDAgent  0.604  constants 4/10  engine, 1099 s
  easy_question_scaling_law/brier_score: 148 forms, chosen: R2 held-out 0.9273, 3 constants: 16.9242 + -17.4673*1.01063^(-log_flops)
easy_question_scaling_law      R2=   0.0265 (held-out  0.9273)  human -1.000  SLDAgent -0.305  constants 3/6  engine, 115 s
