  parallel_scaling_law/loss: 61 forms, chosen: R2 held-out 0.9973, 1 constants: 112/log(num_params)^1.32959
parallel_scaling_law           R2=   0.9934 (held-out  0.9973)  human  1.000  SLDAgent  1.000  constants 1/4  engine, 0 s
  vocab_scaling_law/unigram_normalized_loss: 106 forms, chosen: R2 held-out 0.8236, 5 constants: -5.30999 + 702.465*115/sqrt(num_characters) + 107.603*sqrt(vocab_size/num_characters) - 4.00202e+06*115/num_characters - 3.12103e-08*sqrt(non_vocab_parameters*vocab_size)
vocab_scaling_law              R2=   0.9663 (held-out  0.8236)  human  0.966  SLDAgent  0.987  constants 5/7  engine, 5 s
  sft_scaling_law/sft_loss: 2764 forms, chosen: R2 held-out 0.9776, 4 constants: 4.42136*0.999827^(log(sft_data_size)^3.2652)*1.00401^exp(sin(log(sft_data_size)))
sft_scaling_law                R2=   0.9849 (held-out  0.9776)  human  0.957  SLDAgent  0.993  constants 4/4  engine, 29 s
  domain_mixture_scaling_law/loss_domain_1: 171 forms, chosen: R2 held-out 0.9980, 2 constants: 4.19686*0.727557^(cos(proportion_domain_2) + sqrt(sqrt(proportion_domain_1)))
  domain_mixture_scaling_law/loss_domain_2: 188 forms, chosen: R2 held-out 0.9982, 2 constants: 0.513619 + 1.20837*log(9)/log(cos(proportion_domain_4) + sqrt(log(9)^log(cos(proportion_domain_1))*(log(9) + sqrt(proportion_domain_2)/3^proportion_domain_3)))
  domain_mixture_scaling_law/loss_domain_3: 159 forms, chosen: R2 held-out 0.9945, 2 constants: 3.3703 + -0.134724*(proportion_domain_5 + sqrt(sqrt(proportion_domain_3*1585)))
  domain_mixture_scaling_law/loss_domain_4: 177 forms, chosen: R2 held-out 0.9981, 2 constants: 2.82345 - 0.867881*(cos(proportion_domain_2) + sqrt(sin(sqrt(proportion_domain_4))))
  domain_mixture_scaling_law/loss_domain_5: 161 forms, chosen: R2 held-out 0.9846, 2 constants: 3.61504*0.919086^(proportion_domain_5 + proportion_domain_5^proportion_domain_3)
domain_mixture_scaling_law     R2=   0.9918 (held-out  0.9947)  human  0.671  SLDAgent  0.988  constants 2/7  engine, 10 s
  moe_scaling_law/loss_validation: 104 forms, chosen: R2 held-out 0.8731, 2 constants: 1.53141 + 31143*(log(dense_parameter_count) - log(num_experts))/log(dense_parameter_count)^4.4963
moe_scaling_law                R2=   0.6906 (held-out  0.8731)  human  0.703  SLDAgent  0.773  constants 2/6  engine, 2 s
  data_constrained_scaling_law/loss: 119 forms, chosen: R2 held-out 0.7912, 3 constants: 2.17328 + 12.9772*log(log(log(tokens)))^(-log(params)) + 7191.14*sqrt(exp(cos(log(tokens)) - log(unique_tokens)))
data_constrained_scaling_law   R2=   0.6636 (held-out  0.7912)  human  0.911  SLDAgent  0.944  constants 3/7  engine, 2 s
  lr_bsz_scaling_law/lm_loss: 90 forms, chosen: R2 held-out 0.9290, 5 constants: 3.35746 - 0.000289711*log(non_embedding_param_size)^(log(data_size)^0.31429) + 774018*exp(log(bsz) - log(data_size)) + 63.5595*2^(log(lr) - log(bsz)) + 0.048384*(sin(log(data_size)) - cos(log(lr)))
lr_bsz_scaling_law             R2=   0.4997 (held-out  0.9290)  human -0.076  SLDAgent  0.604  constants 5/10  engine, 6 s
  easy_question_scaling_law/brier_score: 433 forms, chosen: R2 held-out 0.9273, 3 constants: 16.9242 + -17.4673*1.01063^(-log_flops)
easy_question_scaling_law      R2=   0.0265 (held-out  0.9273)  human -1.000  SLDAgent -0.305  constants 3/6  engine, 4 s
  parallel_scaling_law/loss: 61 forms, chosen: R2 held-out 0.9973, 1 constants: 112/log(num_params)^1.32959
parallel_scaling_law           R2=   0.9934 (held-out  0.9973)  human  1.000  SLDAgent  1.000  constants 1/4  engine, 0 s
  vocab_scaling_law/unigram_normalized_loss: 106 forms, chosen: R2 held-out 0.8236, 5 constants: -5.30999 + 702.465*115/sqrt(num_characters) + 107.603*sqrt(vocab_size/num_characters) - 4.00202e+06*115/num_characters - 3.12103e-08*sqrt(non_vocab_parameters*vocab_size)
vocab_scaling_law              R2=   0.9663 (held-out  0.8236)  human  0.966  SLDAgent  0.987  constants 5/7  engine, 2 s
  sft_scaling_law/sft_loss: 2764 forms, chosen: R2 held-out 0.9776, 4 constants: 4.42136*0.999827^(log(sft_data_size)^3.2652)*1.00401^exp(sin(log(sft_data_size)))
sft_scaling_law                R2=   0.9849 (held-out  0.9776)  human  0.957  SLDAgent  0.993  constants 4/4  engine, 10 s
  domain_mixture_scaling_law/loss_domain_1: 171 forms, chosen: R2 held-out 0.9980, 2 constants: 4.19686*0.727557^(cos(proportion_domain_2) + sqrt(sqrt(proportion_domain_1)))
  domain_mixture_scaling_law/loss_domain_2: 188 forms, chosen: R2 held-out 0.9982, 2 constants: 0.513619 + 1.20837*log(9)/log(cos(proportion_domain_4) + sqrt(log(9)^log(cos(proportion_domain_1))*(log(9) + sqrt(proportion_domain_2)/3^proportion_domain_3)))
  domain_mixture_scaling_law/loss_domain_3: 159 forms, chosen: R2 held-out 0.9945, 2 constants: 3.3703 + -0.134724*(proportion_domain_5 + sqrt(sqrt(proportion_domain_3*1585)))
  domain_mixture_scaling_law/loss_domain_4: 177 forms, chosen: R2 held-out 0.9981, 2 constants: 2.82345 - 0.867881*(cos(proportion_domain_2) + sqrt(sin(sqrt(proportion_domain_4))))
  domain_mixture_scaling_law/loss_domain_5: 161 forms, chosen: R2 held-out 0.9846, 2 constants: 3.61504*0.919086^(proportion_domain_5 + proportion_domain_5^proportion_domain_3)
domain_mixture_scaling_law     R2=   0.9918 (held-out  0.9947)  human  0.671  SLDAgent  0.988  constants 2/7  engine, 4 s
  moe_scaling_law/loss_validation: 104 forms, chosen: R2 held-out 0.8731, 2 constants: 1.53141 + 31143*(log(dense_parameter_count) - log(num_experts))/log(dense_parameter_count)^4.4963
moe_scaling_law                R2=   0.6906 (held-out  0.8731)  human  0.703  SLDAgent  0.773  constants 2/6  engine, 1 s
  data_constrained_scaling_law/loss: 119 forms, chosen: R2 held-out 0.7912, 3 constants: 2.17328 + 12.9772*log(log(log(tokens)))^(-log(params)) + 7191.14*sqrt(exp(cos(log(tokens)) - log(unique_tokens)))
data_constrained_scaling_law   R2=   0.6636 (held-out  0.7912)  human  0.911  SLDAgent  0.944  constants 3/7  engine, 1 s
  lr_bsz_scaling_law/lm_loss: 90 forms, chosen: R2 held-out 0.9290, 5 constants: 3.35746 - 0.000289711*log(non_embedding_param_size)^(log(data_size)^0.31429) + 774018*exp(log(bsz) - log(data_size)) + 63.5595*2^(log(lr) - log(bsz)) + 0.048384*(sin(log(data_size)) - cos(log(lr)))
lr_bsz_scaling_law             R2=   0.4997 (held-out  0.9290)  human -0.076  SLDAgent  0.604  constants 5/10  engine, 3 s
  easy_question_scaling_law/brier_score: 433 forms, chosen: R2 held-out 0.9273, 3 constants: 16.9242 + -17.4673*1.01063^(-log_flops)
easy_question_scaling_law      R2=   0.0265 (held-out  0.9273)  human -1.000  SLDAgent -0.305  constants 3/6  engine, 2 s
