  parallel_scaling_law/loss: 28 forms, chosen: R2 held-out 0.9974, 1 constants: 115/log(num_params)^1.33827
parallel_scaling_law           R2=   0.9934 (held-out  0.9974)  human  1.000  SLDAgent  1.000  constants 1/4  engine, 49 s
  vocab_scaling_law/unigram_normalized_loss: 39 forms, chosen: R2 held-out 0.8213, 7 constants: -5.24512 + 3.58075e+10*num_characters^log(0.494352) - 3.58301e+10*num_characters^(-0.704544) + 98.7579*sqrt(vocab_size/num_characters) - 9.9773e-13*non_vocab_parameters*sqrt(vocab_size)
vocab_scaling_law              R2=   0.9676 (held-out  0.8213)  human  0.966  SLDAgent  0.987  constants 7/7  engine, 603 s
  sft_scaling_law/sft_loss: 1410 forms, chosen: R2 held-out 0.9719, 4 constants: 10.8035*0.506889^sqrt(log(sft_data_size))*0.393824^cos(sqrt(log(sft_data_size)))*1.00071^cos(cos(log(sft_data_size)))
sft_scaling_law                R2=   0.9827 (held-out  0.9719)  human  0.957  SLDAgent  0.993  constants 4/4  engine, 1318 s
  domain_mixture_scaling_law/loss_domain_1: 79 forms, chosen: R2 held-out 0.9980, 2 constants: 4.19686*0.727557^(cos(proportion_domain_2) + sqrt(sqrt(proportion_domain_1)))
  domain_mixture_scaling_law/loss_domain_2: 75 forms, chosen: R2 held-out 0.9972, 1 constants: (7332 + 595*(proportion_domain_1*proportion_domain_1 - sqrt(proportion_domain_2)))/1645 - 1.0224*cos(proportion_domain_4)
  domain_mixture_scaling_law/loss_domain_3: 106 forms, chosen: R2 held-out 0.9956, 3 constants: 3.78561*0.814928^exp(sqrt(sqrt(proportion_domain_3)))*1.04754^(proportion_domain_4 + exp(proportion_domain_1))
  domain_mixture_scaling_law/loss_domain_4: 81 forms, chosen: R2 held-out 0.9984, 2 constants: 6.49479 + -6.10614*sin(sin(sqrt(proportion_domain_4) + cos(proportion_domain_2)))
  domain_mixture_scaling_law/loss_domain_5: 74 forms, chosen: R2 held-out 0.9792, 5 constants: 3.00373 - 1.21791*proportion_domain_5^cos(proportion_domain_1^0.330432) + 0.180624*(proportion_domain_1 + exp(proportion_domain_5 + 1)) - 0.00493496*proportion_domain_4^proportion_domain_1
domain_mixture_scaling_law     R2=   0.9896 (held-out  0.9937)  human  0.671  SLDAgent  0.988  constants 5/7  engine, 495 s
  moe_scaling_law/loss_validation: 38 forms, chosen: R2 held-out 0.8287, 2 constants: 1.5272 + 1.413e-05*(813/log(dense_parameter_count) - log(num_experts))^3
moe_scaling_law                R2=   0.4849 (held-out  0.8287)  human  0.703  SLDAgent  0.773  constants 2/6  engine, 78 s
  data_constrained_scaling_law/loss: 49 forms, chosen: R2 held-out 0.7318, 3 constants: 2759.4 - 2759.01*cos(log(tokens)^cos(log(log(params)))) + 208782*2^(cos(log(tokens)) - log(unique_tokens))
data_constrained_scaling_law   R2=   0.7031 (held-out  0.7318)  human  0.911  SLDAgent  0.944  constants 3/7  engine, 309 s
  lr_bsz_scaling_law/lm_loss: 37 forms, chosen: R2 held-out 0.8893, 4 constants: 4.6836 - 0.0726774*log(non_embedding_param_size)^log(log(log(data_size))) + 739484*exp(log(bsz) - log(data_size)) + 9*log(bsz)^(log(lr)*0.64374) + 0.037732*(sin(log(data_size)) - cos(log(lr)))
lr_bsz_scaling_law             R2=   0.3544 (held-out  0.8893)  human -0.076  SLDAgent  0.604  constants 4/10  engine, 1106 s
  easy_question_scaling_law/brier_score: 155 forms, chosen: R2 held-out 0.9271, 3 constants: 17.4646*(-0.989482^log_flops) - -16.9215
easy_question_scaling_law      R2=   0.0265 (held-out  0.9271)  human -1.000  SLDAgent -0.305  constants 3/6  engine, 102 s
