
== all-mean
task                                p123      p456      p789      mean
chinchilla_epoch                  0.8774    0.9432    0.8539    0.8915
porian_chinchilla                 0.9202    0.8877    0.5161    0.7747
porian_lrbsz                      0.4969    0.4979    0.5054    0.5001
datadecide                        0.7663    0.7736    0.7543    0.7648
MEAN                              0.7652    0.7756    0.6574    0.7327 ± 0.0654
chinchilla_epoch {'B1': 57, 'B2': 57}
porian_chinchilla {'B1': 36, 'B2': 36}
porian_lrbsz {'B1': 95, 'B2': 95, 'B3': 95}
datadecide {'B1': 75, 'B2': 75}
chinchilla_epoch: ln_D + (((636.4266772121999 / ln_D) + -43.28620258001153) - ((251.19476877299428 - (sin(-0.47928558133059 / ((ln_D - ln_N) - -0.2962607854061409)) + ((3154.369929088998 / ln_N) + sin(632.6658844610996 / ln_D)))) / ln_N))
porian_chinchilla: f = exp(cos(#4 * 0.3864335490394528) * (((#6 * #1) / #2) + 1.3223245797773162)) - ((#3 * #8) + -6.804144603355768); p1 = [6.953591144789196, -0.3368661112891348]; p2 = [0.40668152054252815, 0.23118526861511696]; p3 = [13.194251818046638, 3.0429374672979588]; p4 = [0.2323178819253701, 0.21533004412198473]
porian_lrbsz: 11.580586320964093 / (N ^ ((0.06361446476877139 - ((bsz / N) / (lr ^ 0.587578872696686))) - (0.07307401650084037 ^ ln_bsz)))
datadecide: f = ((17.97055184419712 / #2) - (#5 * 0.08856458761055619)) ^ ((#5 * (741.3175355269994 / #2)) / #2); p1 = [-1.2845838283272548, 0.5083581692808666, 0.5497898039362987, -4.336996335733798, 0.41616998595873556, 0.7750942702126635, 0.456110197896191, -0.13161016639620654, -0.1058815432675151, 0.059258954806287664, -0.5182007290194517, 0.18466196735415466, 6.381270468016839, 2.15984743827023, 0.1325118949591491, 2.3163186685224355, 0.22367721919999878, 0.2024472433388414, -0.7433284122780335, -1.0185732257720417, 0.741740993697334, 1.1958674178223674, 1.7125195219693898, -0.06965715076969313, 0.3224005751777832]; p2 = [-0.7854909924475681, -0.5078160065457987, -0.5495154027116376, 0.1411944147498658, 1.3361948068557348, 0.16187478841270966, -0.07116130967691309, 0.05619682588941289, -0.0435916194550207, -0.7865035331546022, -0.5171965376748394, -0.10602341088188345, 0.08235106712231956, 3.6036102262857628, -0.14502360491865404, -0.05837652505542451, -1.0821818058191337, 0.23115376027375434, -0.002052165979803854, 1.9895990603081193, -0.910143009410983, -1.1221225647887842, -0.7409333990448052, -0.3875059790723208, 1.768917211389686]; p3 = [0.8937723501159298, 1.113462966236677, 1.1955487588043843, 1.1874174547019085, 1.1952066663863703, 1.1806105488288248, 1.1688340978102292, 1.1496213096205092, 1.0810818344016733, 1.1029526673923489, 1.1254517380781228, 0.9680869617736577, 0.6197893186551741, 1.0191472001458597, 0.5704484456432254, 0.6370249768348669, 0.5362315726237172, 1.0364060726576312, 1.0133014922305628, 1.0969752859615032, 1.0629085027183653, 1.1560336360349033, 1.1140191654526372, 1.0861905419022273, 1.0415615389871296]; p4 = [-3.138356808308343, -1.0133807921408364, -0.8383002927803038, 0.02861611922779127, 0.5147635522507003, 0.2310655195761598, 2.3398008049047254, 1.935776408563293, -0.28451084099564683, 1.439725521895526, -2.2141297098307526, 3.544748358630633, -0.8024768932048946, -0.3412712365122919, -0.5332306005356078, 0.4483281417973374, 2.5020279758215827, -0.11176285370953343, -0.8685763427270818, 0.09988598788384548, -0.29612400278729495, 0.3867370462693581, -0.06868523298661061, 0.04006105328516229, 0.7219420242615887]
chinchilla_epoch: (((1475.4296470980394 / (ln_D - (N / D))) + (exp(sin(ln_D)) - sin(ln_N))) / ln_N) + -0.45148837052294816
porian_chinchilla: f = (exp(sin(log(#4 + #6)) + 2.277151048143851) + (log((sqrt(#1) * (exp(sin(sin(#4))) + ((#1 * -0.4335650084447112) / #2))) + 650.6374393381615) * #8)) + -2.0878035948897087; p1 = [-0.04245167089047524, 8.51668453218829]; p2 = [0.12582051042266168, 0.6267984598257466]; p3 = [-0.4349807070070631, -0.33413697074483817]; p4 = [-0.5496175887205492, -0.48768691799518404]
porian_lrbsz: (-0.851546241996366 ^ bsz) + (((ln_bsz + (0.0018221225689389832 / lr)) ^ cos(ln_D * -0.39396758727757175)) + 3.283935357113019)
datadecide: f = sqrt(exp(cos(#2 * -0.4777677834237472) * exp((cos(#2 * -0.5181541397596655) * 0.42261771287848904) * exp(#3)))); p1 = [0.44931014061196456, -1.332670748510532, -1.4128280631484373, -0.47198160192480626, -0.17042319745742926, -0.759183276451928, -0.8131332124840266, -0.5434340730520388, 0.03407110585821688, 0.005283826983148169, -0.9921416933745035, 0.5022055106725161, 1.3027330292588282, -0.1845738846086521, 1.4057169634227094, 1.2171773227180582, 1.6527889945755707, -0.9396281115823697, 0.13314725347980524, -0.6109783932313166, -0.5067900801033519, -0.25589922333445536, -0.522715020120444, -1.2851701804722744, -4.784385292580534]; p2 = [-0.6483529673060299, -0.6190160825981809, 0.8334923541613036, -0.7114382091151117, -1.2864005717129776, -0.9227838787384501, 0.03064320040026355, 0.949307174905307, -1.1502534474933728, 0.47556357174799074, 0.7877644144649284, 0.08644897496657773, -1.486351709387721, 0.23180529094552774, -0.4736235035966257, -1.3546332975294328, -0.778398968299757, 0.4311210376845476, 0.054407076733211004, 1.2388019069219824, 1.734116721145595, -0.6335382870033184, 0.03779695895085606, -0.3742499386505069, -2.0971644145040838]; p3 = [-0.5814942292640942, -0.4724170989447583, -0.38785252754460187, -0.9307155626920237, 0.03821671850407016, 1.3194819200757584, 1.1777637622169126, -1.1092085496821986, 0.14372244338435528, 0.2507591315712262, -0.9623212381579337, -1.8911342693381654, -0.6055102510985457, 0.21378711716519858, -0.26300171501960207, -6.111929153602251, -0.03622240667833955, -0.6958276502722494, 0.41562696426884127, -0.08431663296322722, -1.1286048048590307, -0.831346058996182, -0.07227251199335377, -0.23366667873155975, 0.006183555069459637]; p4 = [1.0685730049994608, 0.1873311569920082, -0.8039829721535584, -0.8512711249219116, -1.8263829279742538, -0.0539509358870812, 2.0666859191725666, 1.4589788394174008, -0.2100713540198897, -0.6426595606714581, 2.0266092008358307, 1.7100989139953913, 2.929617204931512, -0.26263675606599335, 0.4403781587659372, 0.030804179226718777, -0.6104942784425226, -0.004076822168124852, -3.5320223089724734, 0.6348824789012608, 1.4313646779765312, -0.22919140956743317, 1.2096486118900236, 0.3306203786930464, -0.2714258475915164]
chinchilla_epoch: ((759.9664416736526 / ln_N) - ((sin(ln_N) - sin(ln_D - cos(sin(ln_N) + ln_D))) - cos(ln_D))) / (ln_D + -9.900870071320652)
porian_chinchilla: f = ((exp(45.04092036365693 / #4) + ((sin(#4 + (#3 * 0.3550175453545205)) + (sin(#4) + #3)) / -2.815285491703117)) ^ #5) + #7; p1 = [0.7412729710038899, 0.7162822233084419]; p2 = [-2.5446994383980464, 0.20754268899252773]; p3 = [1.829975279622646, 2.1864339294656943]; p4 = [-0.2611073888295486, -0.7120391225385134]
porian_lrbsz: ((cos((ln_N + ln_lr) / ln_bsz) * ln_bsz) + 70.0504308923601) / ln_N
datadecide: f = (((15.506583061247367 / #2) ^ #3) ^ (28.39214626939283 / #2)) - -0.21591930178859975; p1 = [1.9599750378335306, 2.5326736245815096, 2.672134885180782, 2.6844076068692524, 2.7052638057568723, 2.6700093429220675, 2.680863483945728, 2.617025816076822, 2.3618509954707116, 2.4269678150858534, 2.5342177581803003, 2.1135576486501524, 1.4686597162216708, 2.269332893013229, 1.3952299207021495, 1.4800598917785068, 1.3529667628244113, 2.345839578598616, 2.291635523785933, 2.511442545815976, 2.4390520262454407, 2.6409484412046833, 2.545233723054901, 2.4815739814933333, 2.388202320479476]; p2 = [-0.26408227513031635, -0.01628611286486191, -1.5675746288232058, -1.7907111117956664, 0.16223947260433166, 0.4889919074867187, 0.8740303509533282, -0.1276783497085652, -0.1981650380122664, 0.7726970103841136, -0.00041025038083540257, -0.1324951394538645, -1.025090076110551, 0.057953407179137516, -0.4496886489250981, -0.00616690847168257, 0.9345385448434981, 1.3783600518816779, 1.5876531669590204, 0.23291937507300117, -0.12320370452699707, 6.408401409336459, -0.14358943210439604, 0.014919114421550684, -0.8310196689585351]; p3 = [1.533922123933461, -1.2027416327293272, 0.05382970429751191, 1.7431319879153593, -0.9583294067317075, 0.004078423886335094, -0.01836724870444893, 4.727367259214076, -0.09943289121437321, -0.49068993697699664, 0.012952459557647303, -1.9389107548402735, -0.0738916220904323, 0.03747415166569404, 0.6952022861239493, -0.6678009051913261, 0.3374146136927715, -0.6273195779457252, 0.7696863147803497, 1.705228849216813, 0.681214003451185, 1.1552434133828797, -0.5648207821299068, -0.49482468177618444, -0.030105019103581335]; p4 = [-0.08190878791987027, 0.1632383412007199, 0.01635740357056512, -0.0014651389392023183, -0.5778680894717334, 2.08133751111453, 0.10059538618544397, 2.0319172277483317, 0.03025901657741299, -0.21643679355024517, -9.465880274225201, -2.7960438673121626, 2.5988107153705498, -0.013149064956979288, 0.004099845824951061, -0.09017682682515993, -0.19512283669552152, -0.013821830508799402, -0.011782308534724057, 0.28411174442460746, 0.020436212985071176, 0.018357137993046866, 0.013861729822885237, 5.873957965951139, 0.45239981493884873]

chinchilla_epoch
  NAI-r1       R2   0.8774  MAPE   1.8898  RelFar   2.0505
  NAI-r2       R2   0.9432  MAPE   1.3886  RelFar   1.8280
  NAI-r3       R2   0.8539  MAPE   2.0913  RelFar   2.4706
  B1           R2   0.8127  MAPE   2.1225  RelFar   2.1407
  B2           R2   0.5242  MAPE   4.5060  RelFar   6.2722
  B3           R2  -1.0000
  B4-r1        R2   0.8753  MAPE   1.8891  RelFar   1.2590
  B4-r2        R2  -9.0578  MAPE   5.6909  RelFar   0.7379
  B4-r3        R2   0.8020  MAPE   2.6633  RelFar   2.3943

porian_chinchilla
  NAI-r1       R2   0.9202  MAPE   1.8450  RelFar   3.0261
  NAI-r2       R2   0.8877  MAPE   2.0799  RelFar   3.2501
  NAI-r3       R2   0.5161  MAPE   5.0430  RelFar   8.7249
  B1           R2   0.9304  MAPE   1.9393  RelFar   1.9261
  B2           R2   0.6436  MAPE   4.3444  RelFar   3.1489
  B3           R2  -1.0000
  B4-r1        R2   0.5731  MAPE   5.2871  RelFar   8.3981
  B4-r2        R2   0.5003  MAPE   4.6934  RelFar   7.6605
  B4-r3        R2   0.8736  MAPE   2.3516  RelFar   3.6651

porian_lrbsz
  NAI-r1       R2   0.4969  MAPE   1.6669  RelFar   1.6669  Regret   0.0178
  NAI-r2       R2   0.4979  MAPE   1.7053  RelFar   1.7053  Regret   0.0178
  NAI-r3       R2   0.5054  MAPE   1.5610  RelFar   1.5610  Regret   0.0120
  B1           R2  -0.0001  MAPE   2.5040  RelFar   2.5040  Regret   0.0793
  B2           R2  -0.3750  MAPE   3.1932  RelFar   3.1932  Regret   0.0793
  B3           R2   0.5041  MAPE   1.6146  RelFar   1.6146  Regret   0.0120
  B4-r1        R2   0.0645  MAPE   2.5834  RelFar   2.5834  Regret   0.0725
  B4-r2        R2  -0.9481  MAPE   3.9826  RelFar   3.9826  Regret   0.0389
  B4-r3        R2  -0.2192  MAPE   2.9770  RelFar   2.9770  Regret   0.0500

datadecide
  NAI-r1       R2   0.7663  MAPE   7.5896  RelFar   7.5896
  NAI-r2       R2   0.7736  MAPE   7.5229  RelFar   7.5229
  NAI-r3       R2   0.7543  MAPE   8.0083  RelFar   8.0083
  B1           R2   0.7303  MAPE   8.3325  RelFar   8.3325
  B2           R2   0.7321  MAPE   4.9292  RelFar   4.9292
  B3           R2  -1.0000
  B4-r1        R2   0.6707  MAPE   9.4423  RelFar   9.4423
  B4-r2        R2   0.2077  MAPE  16.3426  RelFar  16.3426
  B4-r3        R2   0.7110  MAPE   7.4496  RelFar   7.4496
